// Jest Snapshot v1, https://goo.gl/fbAQLP

exports[`renders calculator correctly 1`] = `
<Component
  onLayout={[Function]}
/>
`;
