// Jest Snapshot v1, https://goo.gl/fbAQLP

exports[`renders display correctly 1`] = `
<Component>
  <Text
    accessible={true}
    adjustsFontSizeToFit={true}
    allowFontScaling={true}
    ellipsizeMode="tail"
    numberOfLines={1}
    style={
      Array [
        Object {
          "backgroundColor": "transparent",
          "bottom": 0,
          "flex": 1,
          "left": 0,
          "position": "absolute",
          "right": 0,
          "top": 0,
        },
        Object {
          "color": "#000",
        },
        Object {
          "color": "#000",
          "fontSize": 100,
          "height": 100,
          "lineHeight": 100,
        },
      ]
    }
  >
    1.000
  </Text>
</Component>
`;
